#-----------------------------------------------------------
# Vivado v2019.1 (64-bit)
# SW Build 2552052 on Fri May 24 14:49:42 MDT 2019
# IP Build 2548770 on Fri May 24 18:01:18 MDT 2019
# Start of session at: Wed Dec 18 10:47:53 2019
# Process ID: 6432
# Current directory: C:/Users/An-ck/Desktop/mini_project_robot_electronics/final_product/xadc_with_bram_with_one_addr
# Command line: vivado.exe -gui_launcher_event rodinguilauncherevent11096 C:\Users\An-ck\Desktop\mini_project_robot_electronics\final_product\xadc_with_bram_with_one_addr\adc.xpr
# Log file: C:/Users/An-ck/Desktop/mini_project_robot_electronics/final_product/xadc_with_bram_with_one_addr/vivado.log
# Journal file: C:/Users/An-ck/Desktop/mini_project_robot_electronics/final_product/xadc_with_bram_with_one_addr\vivado.jou
#-----------------------------------------------------------
start_gui
open_project C:/Users/An-ck/Desktop/mini_project_robot_electronics/final_product/xadc_with_bram_with_one_addr/adc.xpr
launch_sdk -workspace C:/Users/An-ck/Desktop/mini_project_robot_electronics/final_product/xadc_with_bram_with_one_addr/adc.sdk -hwspec C:/Users/An-ck/Desktop/mini_project_robot_electronics/final_product/xadc_with_bram_with_one_addr/adc.sdk/xadc_pl2ps_wrapper.hdf
update_compile_order -fileset sources_1
